### dir     : 02_branch
### source  : demo.c
### mode    : strict
### command : cc -std=c17 -Wall -Wextra -Wpedantic -O0 -g -Werror demo.c -o demo
### --- compile ---
### --- run: ./demo  ---
== 1. if / else if / else ==
  score= 95 -> A
  score= 70 -> C
  score= 45 -> F

== 2. 短路求值：&& 左边为假，右边根本不执行 ==
  表达式: probe("A",0) && probe("B",1)
    [求值] A -> 0
  结果 = 0（注意 B 没有被求值）
  表达式: probe("C",1) || probe("D",1)
    [求值] C -> 1
  结果 = 1（注意 D 没有被求值）

== 3. 短路求值最重要的用途：先判空指针，再解引用 ==
  p 是 NULL，&& 短路保护了 *p，没有崩溃
  p 非空且 *p == 99

== 4. 条件（三目）表达式 ==
  max(3,8) = 8
  三目表达式是「表达式」，可以直接放进 printf；if 是「语句」，不行

== 5. switch：有意的 fallthrough（合并 case）==
  'a' 是元音
  'b' 是辅音
  'c' 是辅音
  'd' 是辅音
  'e' 是元音

== 6. switch 只能用整型/枚举，且 case 必须是常量表达式 ==
  cmd=2 -> stop

== 7. 枚举状态机 ==
  LIGHT_COUNT = 3（枚举成员默认从 0 递增）
  step 0: RED    -> GREEN
  step 1: GREEN  -> YELLOW
  step 2: YELLOW -> RED
  step 3: RED    -> GREEN
  step 4: GREEN  -> YELLOW
  step 5: YELLOW -> RED

== 8. 大括号永远写上 ==
  即使只有一行也写 {}，否则后期加一行就会悄悄改变语义
### exit code: 0
