### dir     : 05_pointer
### source  : p06_funcptr.c
### mode    : strict
### command : cc -std=c17 -Wall -Wextra -Wpedantic -O0 -g -Werror p06_funcptr.c -o p06_funcptr
### --- compile ---
### --- run: ./p06_funcptr  ---
== 1. 声明的读法 ==
  int (*fp)(int, int);
    fp 是一个指针 -> 指向函数 -> 该函数接收 (int,int) -> 返回 int
  int *fp(int, int);
    fp 是一个函数 -> 接收 (int,int) -> 返回 int*   （少了括号，完全不同！）

== 2. 基本用法 ==
  fp = add;  fp(3,4)   = 7
  (*fp)(3,4)           = 7   <-- 显式解引用，效果相同
  fp = &sub; fp(3,4)   = -1
  fp 的大小 = 8 字节, 值 = 0x100160a00

== 3. 函数指针数组 / 分发表 ==
  add(6, 3) = 9
  sub(6, 3) = 3
  mul(6, 3) = 18

== 4. 回调：把策略传进算法 ==
  map(square): 1 4 9 16 25 
  map(negate): -1 -4 -9 -16 -25 

== 5. 标准库 qsort 就是回调 ==
  升序: 1 3 7 19 42 88 
  降序: 88 42 19 7 3 1 
  字符串升序: apple banana orange pear

== 6. typedef 让声明可读 ==
  typedef int (*BinOp)(int, int);
  BinOp fp = add;   // 比 int (*fp)(int,int) 好读得多
### exit code: 0
