### dir     : 05_pointer
### source  : p03_strings.c
### mode    : strict
### command : cc -std=c17 -Wall -Wextra -Wpedantic -O0 -g -Werror p03_strings.c -o p03_strings
### --- compile ---
### --- run: ./p03_strings  ---
== 1. sizeof 完全不同 ==
  const char *lit = "abc";  sizeof(lit) = 8  <-- 指针大小
  char        buf[] = "abc"; sizeof(buf) = 4  <-- 'a','b','c','\0'
  strlen(lit) = 3   strlen(buf) = 3  <-- strlen 数到 '\0' 为止

== 2. 它们在内存的哪个区 ==
  lit 指向的地址 = 0x104c2c744   (只读数据段 __TEXT/__cstring)
  buf 的地址     = 0x16b1d1e0c   (栈)
  栈上变量地址   = 0x16b1d1e08
  两者地址相差很远，说明在不同的段

== 3. buf 可以改，lit 指向的内容不能改 ==
  buf[0]='A' 之后 buf = "Abc"
  lit[0]='A' 会怎样？-> 见 literal_write.c，那是 undefined behavior

== 4. 相同的字面量可能被合并成同一份 ==
  a = 0x104c2c9ea
  b = 0x104c2c9ea
  a == b ? true  <-- 编译器做了字符串池化（不是标准保证的）
  数组版本 c = 0x16b1d1df0, d = 0x16b1d1de8, c==d ? false  <-- 各自独立的拷贝

== 5. 比较字符串要用 strcmp，不能用 == ==
  strcmp(c, d) = 0  (0 表示内容相同)
  c == d 比较的是「地址」，几乎永远是 false

== 6. 最佳实践 ==
  - 指向字面量时一律写 const char *，让编译器帮你拦住写操作
  - 需要修改内容时用 char buf[] 或 malloc 出来的缓冲区
  - 需要长度时优先 sizeof(数组)-1，其次 strlen
### exit code: 0
