### dir     : 05_pointer
### source  : p08_void_null.c
### mode    : strict
### command : cc -std=c17 -Wall -Wextra -Wpedantic -O0 -g -Werror p08_void_null.c -o p08_void_null
### --- compile ---
### --- run: ./p08_void_null  ---
== 1. void* 可以接住任何对象指针 ==
  int        (4 字节): 04 03 02 01 
  double     (8 字节): 00 00 00 00 00 00 F8 3F 
  char[3]    (3 字节): 48 69 00 
  void *vp = &i;  vp = 0x16f069e08
  *(int*)vp = 16909060   <-- 用之前必须转回正确的类型
  *vp 直接解引用是编译错误：void 没有大小
  sizeof(void) 在 ISO C 里是非法的（GCC/Clang 扩展当成 1）

== 2. 泛型 swap ==
  swap int:    x=2 y=1
  swap double: p=2 q=1

== 3. 空指针 NULL ==
  NULL 打印出来是 0x0
  if (np) 为 假；空指针在布尔上下文里是假
  解引用 NULL 是 UB（见 08_ub/u05_nullderef.c）
  malloc 失败返回 NULL，所以每次 malloc 都要检查

== 4. 野指针（wild pointer）：未初始化的指针 ==
  int *wild;          // 它的值是垃圾，指向哪里没人知道
  *wild = 1;          // UB，可能崩溃，也可能悄悄破坏别的数据
  修复：int *wild = NULL;  —— 定义即初始化

== 5. 悬垂指针（dangling pointer）：指向已失效对象 ==
  free 之前: heap=0x101555720 内容="alive"
  free 之后: heap 仍然是 0x101555720，但这块内存已经不属于你了
  置 NULL 之后: heap=0x0，再误用会立刻暴露而不是静默出错

== 6. 最佳实践 ==
  1) 指针定义时就初始化（有值就赋值，没值就 = NULL）
  2) free 之后立刻置 NULL
  3) 函数入口检查指针参数是否为 NULL
  4) void* 转回去时类型必须和当初存进来的一致
### exit code: 0
