### dir     : 06_struct
### source  : s01_basics.c
### mode    : strict
### command : cc -std=c17 -Wall -Wextra -Wpedantic -O0 -g -Werror s01_basics.c -o s01_basics
### --- compile ---
### --- run: ./s01_basics  ---
== 1. 三种初始化写法 ==
  p1 = (1, 2)
  p2 = (10, 20)  <-- 用 .name= 写，顺序无所谓且不怕以后加字段
  p3 = (0, 0)  <-- {0} 把所有成员清零

== 2. . 和 -> ==
  p1.x       = 1   (对象用 .)
  pp->x      = 1   (指针用 ->)
  (*pp).x    = 1   (等价写法，-> 只是语法糖)

== 3. 结构体赋值 = 逐字节整体拷贝 ==
  b = a; b.x = 99;  =>  a=(1,2)  b=(99,2)
  a 没被影响，说明是拷贝而不是引用
  &a=0x16fb61d90  &b=0x16fb61d88  两个独立对象

== 4. 值传递 / 值返回 ==
  point_add((1,2),(10,20)) = (11,22)

== 5. 数组成员会被一起拷贝（和裸数组不同！）==
  s1:     {name="Alice", age=20, score=91.5}
  s2:     {name="Bob", age=21, score=91.5}
  改 s2 不影响 s1 —— 因为 name 是「数组成员」，随结构体一起被复制
  sizeof(Student) = 32

== 6. 嵌套结构体 ==
  box: (0,0) -> (10,5), 面积 = 50

== 7. 结构体比较不能用 == ==
  a == b 是编译错误；因为 padding 字节的内容不确定，
  memcmp 也不可靠。要逐成员比较：
  a 和 p1 相等吗? 是
### exit code: 0
