### -O0
== 案例 1：先解引用后判空 ==
  deref_then_check(&v) = 42
  -O0 的汇编里有 cbnz（判空分支）；-O2 里整个函数只剩 ldr + ret。
  也就是说：if (p == NULL) 被优化器整段删除了。

== 案例 2：错误的溢出检查 a=2000000000 b=2000000000 ==
  a + b 的数学真值 = 4000000000（已超出 int 范围）
  bad_overflow_check(a, b) = -1
  期望：返回 -1 表示「检测到溢出」。
  实际：-O2 下编译器把 (a+b < a) 化简成了 (b < 0)，检查失效。

== 正确做法 ==
  __builtin_add_overflow 正确报告了溢出
  可移植版本也正确报告了溢出

== 结论 ==
  UB 不是「结果不确定」，而是「整个程序的行为都不再有任何约束」。
  优化器把「程序不含 UB」当成公理来推理，所以 UB 能让远处的代码消失。
  所以：永远不要用 UB 来做检查，要在触发 UB 之前就拦住它。

### -O2
== 案例 1：先解引用后判空 ==
  deref_then_check(&v) = 42
  -O0 的汇编里有 cbnz（判空分支）；-O2 里整个函数只剩 ldr + ret。
  也就是说：if (p == NULL) 被优化器整段删除了。

== 案例 2：错误的溢出检查 a=2000000000 b=2000000000 ==
  a + b 的数学真值 = 4000000000（已超出 int 范围）
  bad_overflow_check(a, b) = -294967296
  期望：返回 -1 表示「检测到溢出」。
  实际：-O2 下编译器把 (a+b < a) 化简成了 (b < 0)，检查失效。

== 正确做法 ==
  __builtin_add_overflow 正确报告了溢出
  可移植版本也正确报告了溢出

== 结论 ==
  UB 不是「结果不确定」，而是「整个程序的行为都不再有任何约束」。
  优化器把「程序不含 UB」当成公理来推理，所以 UB 能让远处的代码消失。
  所以：永远不要用 UB 来做检查，要在触发 UB 之前就拦住它。
