### dir     : 09_array_string
### source  : a01_arrays.c
### mode    : strict
### command : cc -std=c17 -Wall -Wextra -Wpedantic -O0 -g -Werror a01_arrays.c -o a01_arrays
### --- compile ---
### --- run: ./a01_arrays  ---
== 1. 初始化的几种写法 ==
  int a1[5]={1,2,3,4,5} -> [ 1,  2,  3,  4,  5]
  int a2[5]={1,2}       -> [ 1,  2,  0,  0,  0]   <-- 后面补 0
  int a3[5]={0}         -> [ 0,  0,  0,  0,  0]
  int a4[]={1,2,3}      -> [ 1,  2,  3]   长度 = 3（编译器数出来的）
  int a5[5]={[4]=9,[0]=1} -> [ 1,  0,  0,  0,  9]

== 2. 数组不能整体赋值，也不能整体比较 ==
  memcpy(b, a1, sizeof a1) -> [ 1,  2,  3,  4,  5]
  memcmp(b, a1, sizeof a1) = 0 (0 表示逐字节相同)
  但结构体可以整体赋值，数组不行 —— 这是 C 的历史包袱

== 3. 二维数组是「数组的数组」，内存里是行优先连续的 ==
  sizeof(m)    = 48  (3*4*4)
  sizeof(m[0]) = 16  (一行 4 个 int)
  sizeof(m[0][0]) = 4
  行数 = 3, 列数 = 4
  内存中的实际顺序: 1 2 3 4 5 6 7 8 9 10 11 12   <-- 行优先(row-major)
  &m[0][0]=0x16d379d40
  &m[1][0]=0x16d379d50  差 16 字节 = 一整行
  sum2d(m, 3) = 78

== 4. m[i][j] 的地址计算 ==
  m[i][j] 等价于 *(*(m + i) + j)
  地址 = (char*)m + (i * 列数 + j) * sizeof(元素)
  m[2][1] = 10，手算地址 = 0x16d379d64，实际地址 = 0x16d379d64

== 5. VLA（变长数组，C99 引入，C11 起为可选特性）==
  int vla[n] (n=4): [ 0,  1,  4,  9]   sizeof(vla) = 16（运行时计算）
  注意: VLA 在栈上分配，n 很大时会栈溢出；
        MSVC 不支持；C11 起是可选特性（__STDC_NO_VLA__）。
        生产代码里建议用 malloc 代替 VLA。

== 6. LEN 宏的陷阱 ==
  在 main 里 LEN(a1) = 5  正确
  一旦把 a1 传给函数，函数里 LEN(参数) = 8/4 = 2，完全错误！
  这就是 05_pointer/p02_decay 讲的数组退化。
### exit code: 0
