### dir     : 01_prime
### source  : demo.c
### mode    : strict
### command : cc -std=c17 -Wall -Wextra -Wpedantic -O0 -g -Werror demo.c -o demo_strict
### --- compile ---
### --- run: ./demo_strict  ---
========== 1. 朴素试法的正确性 ==========
  50 以内的素数: 2 3 5 7 11 13 17 19 23 29 31 37 41 43 47  (共 15 个)

========== 2. 筛法的正确性（应当一致）==========
  筛法求出 50 以内的素数: 2 3 5 7 11 13 17 19 23 29 31 37 41 43 47 
  共 15 个

========== 3. 交叉验证：两种算法在 1..10000 上结果一致 ==========
  1..10000 共 1229 个素数，不一致 0 处

========== 4. 边界与陷阱 ==========
  is_prime_sqrt(0)  = 0
  is_prime_sqrt(1)  = 0
  is_prime_sqrt(2)  = 1  (2 是唯一的偶素数)
  is_prime_sqrt(4)  = 0
  is_prime_sqrt(9)  = 0
  is_prime_sqrt(97) = 1
  2147483647 (2^31-1, 梅森素数) = 1

========== 5. 性能实测：单个数判断（n = 1,000,003，是素数）==========
  is_prime_sqrt_safe(1000003)             0.007 ms
  （朴素试法要试 100 万次，太慢，跳过；下面用更大规模对比）

========== 6. 性能实测：sqrt 优化 vs 朴素（n 从 1 到 20000 逐个判断）==========
  朴素试除 is_prime_naive (<=20000)     22.078 ms
  素数个数 = 2262
  试除到 sqrt(n) (<=20000)             0.408 ms
  素数个数 = 2262
  试除到 n/d (<=20000)                 0.372 ms
  素数个数 = 2262
  -> 同样的结果，朴素版本慢了约 100 倍。
     这就是把 O(n) 降到 O(sqrt(n)) 的实际收益。

========== 7. 性能实测：筛法 vs 逐个判断（求 1..1,000,000 的所有素数）==========
  逐个 is_prime_sqrt (<=1e6)           34.843 ms
  找到 78498 个素数
  sieve(1e6)                              3.346 ms
  找到 78498 个素数
  结果一致: 是
  -> 筛法又快了十几倍，而且和「逐个判断」的结果完全一致。
     代价是 O(n) 的额外内存。

========== 8. 筛法的空间代价 ==========
  sizeof table for 1e6   = 1000001 字节 (unsigned char)
  如果用 bool[] (1 字节) = 1000001 字节
  如果用位图（1 bit/数） = 125000 字节  <- 8 倍压缩
  如果用 int[] (4 字节)  = 4000004 字节  <- 别这么干

  这就是「空间换时间」的典型例子：
    逐个判断：O(1) 内存，O(sqrt(n)) 时间/每个数
    筛法    ：O(n) 内存，O(n log log n) 时间/全部数
  要判断「一个数」用试除；要枚举「一批数」用筛法。

========== 9. 小结 ==========
  朴素试除      O(n)            —— 只适合教学
  试除到 sqrt(n) O(sqrt(n))      —— 判断单个数的最佳选择
  埃氏筛        O(n log log n)  —— 枚举一批素数的最佳选择

  两个易错点：
    1. 忘记处理 0 和 1（它们都不是素数）
    2. 忘记处理 2（唯一的偶素数）；写成 d += 2 前必须先特判 2
  一个可移植性细节：
    d * d <= n 在 n 接近 UINT_MAX 时会让 d*d 溢出。
    写成 d <= n / d 更安全（多一次除法，但结果正确）。
### exit code: 0
