### dir     : 02_fibonacci
### source  : demo.c
### mode    : strict
### command : cc -std=c17 -Wall -Wextra -Wpedantic -O0 -g -Werror demo.c -o demo_strict
### --- compile ---
### --- run: ./demo_strict  ---
========== 1. 四种实现的一致性（n = 0..20）==========
  n  :  朴素    记忆化   迭代     矩阵
   0 :      0       0       0       0  
   1 :      1       1       1       1  
   2 :      1       1       1       1  
   3 :      2       2       2       2  
   4 :      3       3       3       3  
   5 :      5       5       5       5  
   6 :      8       8       8       8  
   7 :     13      13      13      13  
   8 :     21      21      21      21  
   9 :     34      34      34      34  
  10 :     55      55      55      55  
  11 :     89      89      89      89  
  12 :    144     144     144     144  
  13 :    233     233     233     233  
  14 :    377     377     377     377  
  15 :    610     610     610     610  
  16 :    987     987     987     987  
  17 :   1597    1597    1597    1597  
  18 :   2584    2584    2584    2584  
  19 :   4181    4181    4181    4181  
  20 :   6765    6765    6765    6765  

========== 2. 序列本身 ==========
  F(0)..F(19):
  0 1 1 2 3 5 8 13 21 34 55 89 144 233 377 610 987 1597 2584 4181 

========== 3. 朴素递归的调用次数（这是本节的重点）==========
  n      函数调用次数
  5      15               F(n)=5
  10     177              F(n)=55
  15     1973             F(n)=610
  20     21891            F(n)=6765
  25     242785           F(n)=75025
  30     2692537          F(n)=832040
  35     29860703         F(n)=9227465

  看出规律了吗？n 每加 5，调用次数约乘以 1.618^5 ≈ 11 倍。
  n=35 已经要调用 29860703 次函数了！

========== 4. 递归深度 = 栈帧数量 ==========
  fib(20) 的最大递归深度 = 19
  fib(30) 的最大递归深度 = 29
  深度只有 n，但调用次数是 1.618^n —— 差异在于「重复计算」

========== 5. 性能实测：fib(35) 四种实现 ==========
  fib_naive(35)                          37.144 ms
     -> 9227465
  fib_memo(35)                            0.001 ms
     -> 9227465
  fib_iter(35)                            0.000 ms
     -> 9227465
  fib_matrix(35)                          0.001 ms
     -> 9227465

========== 6. 性能实测：fib(45) 三种快速实现 ==========
  （朴素递归 45 会调用约 36 亿次函数，不测了）
  fib_memo(45)                            0.001 ms
     -> 1134903170
  fib_iter(45)                            0.001 ms
     -> 1134903170
  fib_matrix(45)                          0.000 ms
     -> 1134903170

========== 7. 溢出：uint64_t 能装到第几项？==========
  n      F(n)                  
  88     1100087778366101931   
  89     1779979416004714189   
  90     2880067194370816120   
  91     4660046610375530309   
  92     7540113804746346429   
  93     12200160415121876738  
  94     1293530146158671551      <-- 溢出了！
  95     13493690561280548289  
  因为 F(93) ≈ 1.22e19 已接近 UINT64_MAX ≈ 1.8e19，F(94) = 1.97e19 超过上界，所以 n >= 94 开始回绕
  检测到溢出起点: n = 94
  注意：无符号溢出是【有定义】的（模 2^64 回绕），
        所以程序不会崩，只会静默给出错误结果 —— 这更危险。

========== 8. 结论 ==========
  朴素递归  : O(1.618^n) 时间, O(n) 栈空间  <- 只适合教学
  记忆化    : O(n) 时间,   O(n) 空间        <- 自顶向下，好写
  迭代      : O(n) 时间,   O(1) 空间        <- 首选
  矩阵快速幂 : O(log n) 时间, O(1) 空间      <- n 极大时才有意义
### exit code: 0
