### dir     : 03_sorting
### source  : demo.c
### mode    : strict
### command : cc -std=c17 -Wall -Wextra -Wpedantic -O0 -g -Werror demo.c -o demo_strict
### --- compile ---
### --- run: ./demo_strict  ---
================ 排序算法实验 ================

========== 1. 正确性交叉验证 ==========
  参照答案（插入排序）: 276 489 769 828 1972 2118 2468 2803 2838 2851 ... (共 200 个元素)
  bubble     有序=是 与参照一致=是  比较=   19795 交换=    9860
  selection  有序=是 与参照一致=是  比较=   19900 交换=     196
  insertion  有序=是 与参照一致=是  比较=   10054 交换=    9860
  shell      有序=是 与参照一致=是  比较=    1736 交换=    1014
  quick      有序=是 与参照一致=是  比较=    1663 交换=    1046
  merge      有序=是 与参照一致=是  比较=    1273 交换=    1544
  结论: 全部正确

========== 2. 稳定性：逐算法实测 ==========
  原始 (key#id) 0#4 0#3 0#2 0#1 0#0 1#4 1#3 1#2 1#1 1#0 2#4 2#3 2#2 2#1 2#0 3#4 3#3 3#2 3#1 3#0 

  bubble     稳定  0#4 0#3 0#2 0#1 0#0 1#4 1#3 1#2 1#1 1#0 2#4 2#3 2#2 2#1 2#0 3#4 3#3 3#2 3#1 3#0 
  selection  稳定  0#4 0#3 0#2 0#1 0#0 1#4 1#3 1#2 1#1 1#0 2#4 2#3 2#2 2#1 2#0 3#4 3#3 3#2 3#1 3#0 
  insertion  稳定  0#4 0#3 0#2 0#1 0#0 1#4 1#3 1#2 1#1 1#0 2#4 2#3 2#2 2#1 2#0 3#4 3#3 3#2 3#1 3#0 
  quick      不稳定  0#0 0#4 0#3 0#2 0#1 1#0 1#4 1#3 1#2 1#1 2#0 2#4 2#3 2#2 2#1 3#0 3#4 3#3 3#2 3#1 
  merge      稳定  0#4 0#3 0#2 0#1 0#0 1#4 1#3 1#2 1#1 1#0 2#4 2#3 2#2 2#1 2#0 3#4 3#3 3#2 3#1 3#0 

  ---- 选择排序的最小反例（3 个元素）----
  原始         2#0 2#1 1#2 
  选择排序后 1#2 2#1 2#0 
                   ^ 两个 key=2 的元素，id 从 0,1 变成了 1,0 —— 顺序被交换了！
  原因：第一轮找到最小值 1（在下标 2），把它和下标 0 交换。
        下标 0 上的 2#0 被扔到了下标 2，跨过了 2#1。

  规律：
    - 只比较/移动相邻元素的算法（冒泡、插入）天然稳定
    - 归并在 merge 时用 <= 保证稳定；写成 < 就变成不稳定
    - 选择排序的「交换到 i 位置」跨越中间元素，破坏稳定性
    - 快排的 Lomuto 分区同样跨越式交换，不稳定
    - 希尔排序跨 gap 交换，也不稳定

========== 3. 操作次数对比（n = 2000，随机）==========
  算法     比较次数 移动次数   轮数
  bubble          1997622      1002731     1947
  selection       1999000         1992     1999
  insertion       1004718      1002731     1999
  shell             33759        22336        7
  quick             24596        14886     1136
  merge             19440        21952     1999
  n*log2(n) ≈ 22000,  n^2 = 4000000
  注意 selection：比较次数最多（n^2/2），但【移动次数最少】（n-1 次交换）。
  如果「移动元素」比「比较元素」贵得多（比如元素很大），选择排序反而有优势。

========== 4. 输入形态对算法的影响（n = 5000）==========
  算法     输入    比较次数 耗时(ms)
  bubble     随机        12495789     34.661
  selection  随机        12497500     18.612
  insertion  随机         6238073     10.301
  shell      随机          100561      0.513
  quick      随机           70885      0.329
  merge      随机           55251      0.394

  bubble     已排序         4999      0.007
  selection  已排序     12497500     16.334
  insertion  已排序         4999      0.011
  shell      已排序        35084      0.069
  quick      已排序        60678      0.130
  merge      已排序        32004      0.141

  bubble     逆序        12497500     31.578
  selection  逆序        12497500     18.830
  insertion  逆序        12497500     20.299
  shell      逆序           51491      0.116
  quick      逆序          106182      0.217
  merge      逆序           29804      0.133

  bubble     全部相等         4999      0.007
  selection  全部相等     12497500     16.462
  insertion  全部相等         4999      0.011
  shell      全部相等        35084      0.074
  quick      全部相等     12512497     12.410
  merge      全部相等        32004      0.134

  ★ 三个值得注意的地方：
    1. bubble / insertion 在「已排序」输入下只比较 n-1 次 —— O(n)
       （bubble 靠 !swapped 提前退出；insertion 的内层 while 一次都不进）
    2. selection 在「已排序」下依然比较 n^2/2 次 —— 它从不提前退出
    3. quick 在「全部相等」下比较次数接近 n^2/2！
       Lomuto 分区遇到全相等时每次只确定 1 个元素的位置，退化成 O(n^2)。
       修复方案：三路分区（<, ==, > 分成三段），见本章练习 3。

========== 5. 规模增长测试 ==========
  算法           n=2000       n=4000       n=8000
  insertion         1.820        6.405       26.521
  shell             0.185        0.409        0.909
  quick             0.123        0.247        0.547
  merge             0.142        0.271        0.573
  注意观察：n 翻倍时，O(n log n) 的耗时约翻 2 倍多一点，
            O(n^2) 的耗时约翻 4 倍。
  （上面的 insertion 行：n 每翻一倍耗时约翻 4 倍 —— O(n^2) 特征）
  （quick / merge / shell 行：约翻 2.0~2.3 倍 —— O(n log n) 特征）
  注：具体数值每次运行略有浮动，看【倍率】而不是绝对值。

========== 6. 小规模对比：n = 32 时谁最快？==========
  （单次排序太快，clock() 精度不够；改为跑 20000 次取平均）
  算法      总耗时(ms)     单次(ns)
  bubble             20.021         1001.0
  selection          16.491          824.5
  insertion          10.386          519.3
  shell               7.285          364.2
  quick               8.949          447.4
  merge              10.386          519.3
  n 很小时各算法差别不大，甚至插入排序可能更快
  （常数因子小、无递归开销、对 cache 友好）
  -> 这解释了为什么标准库的排序在递归到小区间时，会切换成插入排序。
### exit code: 0
