### dir     : 04_searching
### source  : demo.c
### mode    : san
### command : cc -std=c17 -Wall -Wextra -Wpedantic -O0 -g -fsanitize=address,undefined -fno-omit-frame-pointer demo.c -o demo_san
### --- compile ---
### --- run: ./demo_san  ---
================ 搜索算法实验 ================

========== 1. 线性搜索 ==========
  数组（未排序）: 5 3 8 1 9 2 
  查找 1 -> 下标 3   (比较了 4 次)
  查找 5 -> 下标 0   (比较了 1 次)
  查找 9 -> 下标 4   (比较了 5 次)
  线性搜索不需要数组有序，但最坏 O(n)

========== 2. 二分查找（经典版）==========
  数组: 0 2 4 6 8 10 12 14 16 18 20 22 24 26 28 30 
  查找 0    -> 下标 0    (比较了 4 次)
  查找 14   -> 下标 7    (比较了 1 次)
  查找 30   -> 下标 15   (比较了 5 次)
  查找 1    -> 下标 -1   (比较了 4 次)
  查找 31   -> 下标 -1   (比较了 5 次)
  查找 -5   -> 下标 -1   (比较了 4 次)

========== 3. 二分查找的执行过程（区间变化）==========
  数组:  1  2  3  4  5  6  7  8  9 10 11 
  查找 target = 7

    第 0 轮: lo= 0 hi=10 mid= 5  a[mid]= 6   < target -> 放弃左半，lo = mid+1 = 6
    第 1 轮: lo= 6 hi=10 mid= 8  a[mid]= 9   > target -> 放弃右半，hi = mid-1 = 7
    第 2 轮: lo= 6 hi= 7 mid= 6  a[mid]= 7   == target 找到了！

  观察：每轮区间长度大约减半，所以最多 ⌈log2(11)⌉ = 4 轮

========== 4. 反例：会死循环的二分查找 ==========
  数组 = [0 1 2 3 4 5 6 7], 查找一个不存在的大值 99
  返回 -2，一共循环了 101 轮
  -> 检测到死循环！区间没有收缩，lo/hi 卡在相邻位置。

  错误代码长这样：
      while (lo <= hi) {          // 闭区间语义
          mid = (lo + hi) / 2;
          if (a[mid] < target) lo = mid;   // ❌ 应该是 mid+1
          else                 hi = mid;   // ❌ 应该是 mid-1
      }

  为什么会卡住？以 lo=6, hi=7 为例：
      mid = (6+7)/2 = 6
      如果 a[6] < target  ->  lo = mid = 6  （没变！）
      下一轮 lo 还是 6，hi 还是 7，mid 还是 6 ...  永远出不去

  修复：闭区间就把区间缩小到 mid 之外（mid±1）
========== 5. mid = (lo + hi) / 2 的溢出 ==========
  假设 lo = 18446744073709551613, hi = 18446744073709551614 （SIZE_MAX = 18446744073709551615）
    (lo + hi) / 2      = 9223372036854775805   <-- 回绕了！结果比 lo 还小
    lo + (hi - lo) / 2 = 18446744073709551613   <-- 正确
    正确的 mid 落在 [lo, hi] 之间：是
    错误的 mid 落在 [lo, hi] 之间：否
    （错误的 mid 比 lo 小了 9223372036854775808 —— 直接越界到下界之外）

  用 uint8_t（上限 255）在小范围上演示同样的形状：
    lo = 200, hi = 200
    (uint8_t)(lo + hi)     = 144   <-- 数学上是 400，被截断
    (uint8_t)(lo+hi) / 2   = 72   <-- 落在 [lo, hi] 之外！
    lo + (hi - lo) / 2     = 200   <-- 正确，永远落在区间内
    ⚠️ 关键：如果写成 (lo + hi) / 2 而 lo/hi 是 uint8_t，
       C 会先把它们【整型提升】成 int 再相加，就不会回绕了。
       所以要显式截断到 uint8_t 才能重现这个 bug。

  如果下标是有符号 int，情况更糟：
    lo = 2147483645, hi = 2147483646
    lo + hi 在数学上是 4294967291，超过 INT_MAX=2147483647
    -> 有符号整数溢出是 undefined behavior，不只是回绕！
       编译器可以假设它不发生，从而删掉你的边界检查
    lo + (hi - lo) / 2 = 2147483645  <- 永远安全

  ★ 结论：永远写 mid = lo + (hi - lo) / 2
    它和 (lo + hi) / 2 在数学上等价，但不会溢出。
    这个 bug 在 JDK 的 Arrays.binarySearch 里真实存在了约 10 年。

========== 6. 下界 / 上界 ==========
  数组: 1 2 2 2 3 3 5 5 5 5 8 
  target    lower_bound  upper_bound 出现次数
  1                   0            1          1
  2                   1            4          3
  3                   4            6          2
  4                   6            6          0
  5                   6           10          4
  6                  10           10          0
  7                  10           10          0
  8                  10           11          1
  9                  11           11          0
  lower_bound = 第一个 >= target 的位置（返回 n 表示全部 < target）
  upper_bound = 第一个 >  target 的位置
  ub - lb = target 的出现次数；lb<n && a[lb]==target 才表示存在

========== 7. 旋转数组上的二分查找 ==========
  旋转数组: 4 5 6 7 0 1 2 
  查找 0 -> 下标 4   
  查找 1 -> 下标 5   
  查找 2 -> 下标 6   
  查找 3 -> 下标 -1  (不存在)
  查找 4 -> 下标 0   
  查找 5 -> 下标 1   
  查找 6 -> 下标 2   
  查找 7 -> 下标 3   
========== 7. 交叉验证：二分查找 vs 线性搜索 ==========
  测试了 1005 个 target，不一致 0 处
  数组内容: 0,0,0,0,0,1,1,1,1,1,2,... 共 5000 个元素

  lower_bound / upper_bound 的实战用途（找 3 出现的区间）：
    target=3: lower_bound=15  upper_bound=20  出现 5 次
    a[15]=3  a[20]=4

========== 8. 性能：二分 vs 线性 ==========
  n            算法       比较次数     耗时(ms)
  1000         线性               1000         0.0050
               二分                 10         0.0010
               结果一致: 是   (log2(1000) = 9.0)
  100000       线性             100000         0.3470
               二分                 17         0.0010
               结果一致: 是   (log2(100000) = 16.0)
  10000000     线性           10000000        23.2910
               二分                 24         0.0010
               结果一致: 是   (log2(10000000) = 23.0)
  线性搜索的比较次数 = n（最坏）；二分 = ⌈log2(n)⌉+1 左右
  注意 n = 1000 万 时，线性要比较 1000 万次，二分只要 24 次 ——
  差距是 40 万倍，这就是 O(n) 和 O(log n) 的区别。

========== 9. 小结 ==========
  - 二分查找的前提：数组【已排序】
  - 写二分的第一件事：想清楚区间是【闭】还是【半开】
     闭区间 [lo, hi]: 初始 hi = n-1; while (lo <= hi); hi = mid-1
     半开 [lo, hi)   : 初始 hi = n;   while (lo <  hi); hi = mid
  - 两种风格都对，但【不能混用】——混用就是死循环或漏解
  - mid 永远写 lo + (hi - lo) / 2
  - 处理重复元素用 lower_bound / upper_bound，不要自己瞎调边界
### exit code: 0
