### dir     : 05_linked_list
### source  : leak_demo.c
### mode    : san
### command : cc -std=c17 -Wall -Wextra -Wpedantic -O0 -g -fsanitize=address,undefined -fno-omit-frame-pointer leak_demo.c -o leak_demo_san
### --- compile ---
### --- run: ./leak_demo_san uaf ---
模式: uaf

== 场景 2：free 之后继续读 next ==
  释放整条链表（错误写法）...
=================================================================
==17195==ERROR: AddressSanitizer: heap-use-after-free on address 0x6020000009d8 at pc 0x000102959b98 bp 0x00016d4a5bf0 sp 0x00016d4a5be8
READ of size 8 at 0x6020000009d8 thread T0
    #0 0x000102959b94 in free_list_broken leak_demo.c:41
    #1 0x000102958bc8 in main leak_demo.c:111
    #2 0x00018102be7c in start+0x1a1c (dyld:arm64e+0x31e7c)

0x6020000009d8 is located 8 bytes inside of 16-byte region [0x6020000009d0,0x6020000009e0)
freed by thread T0 here:
    #0 0x000103185308 in free+0x7c (libclang_rt.asan_osx_dynamic.dylib:arm64e+0x41308)
    #1 0x000102959ae8 in free_list_broken leak_demo.c:40
    #2 0x000102958bc8 in main leak_demo.c:111
    #3 0x00018102be7c in start+0x1a1c (dyld:arm64e+0x31e7c)

previously allocated by thread T0 here:
    #0 0x000103185214 in malloc+0x78 (libclang_rt.asan_osx_dynamic.dylib:arm64e+0x41214)
    #1 0x00010295901c in push leak_demo.c:28
    #2 0x000102958b34 in main leak_demo.c:108
    #3 0x00018102be7c in start+0x1a1c (dyld:arm64e+0x31e7c)

SUMMARY: AddressSanitizer: heap-use-after-free leak_demo.c:41 in free_list_broken
Shadow bytes around the buggy address:
  0x602000000700: fa fa 00 00 fa fa 00 00 fa fa 00 00 fa fa 00 00
  0x602000000780: fa fa 00 00 fa fa 00 00 fa fa 00 00 fa fa 00 00
  0x602000000800: fa fa 00 00 fa fa 00 00 fa fa 00 00 fa fa 00 00
  0x602000000880: fa fa 00 00 fa fa 00 00 fa fa 00 00 fa fa 00 05
  0x602000000900: fa fa 00 06 fa fa 00 04 fa fa 00 00 fa fa 00 00
=>0x602000000980: fa fa 00 00 fa fa 00 00 fa fa fd[fd]fa fa fa fa
  0x602000000a00: fa fa fa fa fa fa fa fa fa fa fa fa fa fa fa fa
  0x602000000a80: fa fa fa fa fa fa fa fa fa fa fa fa fa fa fa fa
  0x602000000b00: fa fa fa fa fa fa fa fa fa fa fa fa fa fa fa fa
  0x602000000b80: fa fa fa fa fa fa fa fa fa fa fa fa fa fa fa fa
  0x602000000c00: fa fa fa fa fa fa fa fa fa fa fa fa fa fa fa fa
Shadow byte legend (one shadow byte represents 8 application bytes):
  Addressable:           00
  Partially addressable: 01 02 03 04 05 06 07 
  Heap left redzone:       fa
  Freed heap region:       fd
  Stack left redzone:      f1
  Stack mid redzone:       f2
  Stack right redzone:     f3
  Stack after return:      f5
  Stack use after scope:   f8
  Global redzone:          f9
  Global init order:       f6
  Poisoned by user:        f7
  Container overflow:      fc
  Array cookie:            ac
  Intra object redzone:    bb
  ASan internal:           fe
  Left alloca redzone:     ca
  Right alloca redzone:    cb
==17195==ABORTING
### exit code: 134
