### dir     : 05_linked_list
### source  : demo.c
### mode    : strict
### command : cc -std=c17 -Wall -Wextra -Wpedantic -O0 -g -Werror demo.c -o demo_strict
### --- compile ---
### --- run: ./demo_strict  ---
================ 单链表实验 ================

========== 1. 头插 vs 尾插 ==========
  头插 1,2,3,4:        4 -> 3 -> 2 -> 1 -> NULL
     -> 顺序反过来了，因为每次都插在头部
  尾插 1,2,3,4:        1 -> 2 -> 3 -> 4 -> NULL
  尾插(二级指针):  1 -> 2 -> 3 -> 4 -> NULL
  三种方式长度: 4 4 4

  内存地址（尾插建的表 1->2->3->4）:
  
    [0] value=1    node@0x103321710  next=0x103321720
    [1] value=2    node@0x103321720  next=0x103321730
    [2] value=3    node@0x103321730  next=0x103321500
    [3] value=4    node@0x103321500  next=0x0
     -> 地址递增（malloc 顺序分配），但不保证连续
     -> 链表的逻辑顺序完全由 next 决定，与地址无关
  空表尾插 42:       42 -> NULL
  再尾插 43:          42 -> 43 -> NULL

========== 2. 查找 ==========
  链表:                10 -> 20 -> 30 -> 20 -> 40 -> NULL
  find(30) = 0x1033216f0  value=30
  find(99) = 0x0  (NULL 表示没找到)

  ⚠️  常见错误：用「找到的指针」当循环条件而不检查 NULL:
      while (find(h, x) != NULL) { ... }   // 每次都从头找，O(n^2)

========== 3. 删除：特判头节点 vs 二级指针零特判 ==========
  原始:                1 -> 2 -> 3 -> 4 -> 5 -> NULL
  remove_naive(&h1, 1) [删头节点] = 1
  结果:                2 -> 3 -> 4 -> 5 -> NULL
  remove_naive(&h1, 3) [删中间]   = 1
  结果:                2 -> 4 -> 5 -> NULL
  
  同一个表用二级指针版: 1 -> 2 -> 3 -> 4 -> 5 -> NULL
  remove_pp(&h2, 1) [删头节点] = 1
  结果:                2 -> 3 -> 4 -> 5 -> NULL
  remove_pp(&h2, 3) [删中间]   = 1
  结果:                2 -> 4 -> 5 -> NULL

  两种写法结果完全一致，但 remove_pp 少了一个 if 分支。
  区别在代码规模变大时才会体现：特判版本有两份几乎相同的删除逻辑，
  将来改一处忘一处就是 bug。

========== 4. 删除所有等于 x 的节点 ==========
  原始:                1 -> 2 -> 1 -> 3 -> 1 -> 4 -> 1 -> NULL
  删除了 4 个值为 1 的节点
  结果:                2 -> 3 -> 4 -> NULL

  关键细节：
      一级指针写法：删头要特判，删完还要把 prev 接回来
      二级指针写法：*cur = entry->next 一句话搞定，
                   而且「删了就不前进，没删才前进」天然正确

========== 5. 反转 ==========
  原始:                1 -> 2 -> 3 -> 4 -> 5 -> NULL
  （执行过程见源码注释中的三指针推演）
  迭代反转后:       5 -> 4 -> 3 -> 2 -> 1 -> NULL
  递归反转后:       1 -> 2 -> 3 -> 4 -> 5 -> NULL
  -> 两次反转，回到原样
  反转空表:          (空表)
  反转单节点:       7 -> NULL

========== 6. ⚠️ 链表不一定比数组快（cache 的故事）==========
  实验 A：顺序遍历求和（5 轮）
    数组（连续内存）:    8.059 ms  (校验和 9999995000000)
    链表（分散内存）:   11.363 ms  (校验和 9999995000000)
    -> 两者差不多！因为两种都是【顺序访问】，
       硬件预取器（prefetcher）能提前把下一块内存拉进 cache。

  实验 B：按下标访问（数组 O(1) vs 链表 O(n)）
          两边用【同样的伪随机下标序列】，只做 2000 次访问
    数组按下标访问 (2000 次):    0.022 ms  (校验和 2041696559)
    链表按下标访问 (2000 次): 1805.934 ms  (校验和 2041696559)
    -> 数组快几个数量级：链表按下标访问是 O(n)，平均要走 100 万步。
    -> 结论：链表适合「已经持有节点指针」时做插入/删除；
       需要随机访问或顺序扫描时，数组几乎总是更好。

========== 7. 小结 ==========
  1. 头插 O(1)，尾插 O(n)（除非维护 tail 指针）
  2. C 只有值传递：要修改 head 本身，必须传 Node**
  3. 二级指针遍历删除可以消除头节点特判，是 C 的经典技巧
  4. 反转必须用三个指针：prev / cur / next
  5. free(cur) 之前必须先保存 cur->next
  6. 链表的主要劣势不是复杂度，而是 cache 局部性差
### exit code: 0
