### dir     : 06_stack_queue
### source  : demo.c
### mode    : strict
### command : cc -std=c17 -Wall -Wextra -Wpedantic -O0 -g -Werror demo.c -o demo_strict
### --- compile ---
### --- run: ./demo_strict  ---
================ 栈与队列实验 ================

========== 1. 数组栈 vs 链表栈 ==========
  数组栈入栈 10,20,30,40,50，size=5
  栈顶 peek = 50 （不出栈）
  依次出栈: 50 40 30 20 10   <- 后进先出 (LIFO)
  空栈再 pop 返回 false（下溢保护）
  数组栈容量 64，塞满后第 65 个元素 push 失败（上溢保护）
  链表栈成功压入 1000 个元素，size=1000
  依次弹出前 5 个: 999 998 997 996 995 (后面还有 995 个)
  释放后 size=0

========== 2. 循环队列：观察 head/tail 回绕 ==========
  容量 = 8
  入队 1..6 后:   head=0 tail=6 count=6  内容: 1 2 3 4 5 6 
    出队 -> 1
    出队 -> 2
    出队 -> 3
  出队 3 个后:   head=3 tail=6 count=3  内容: 4 5 6 
  再入队 7..10 后: head=3 tail=2 count=7  内容: 4 5 6 7 8 9 10 
    ^ 注意 tail 已经回绕到 head 前面了 —— 这就是「循环」队列
      如果不用取模，tail 早就超过数组末尾了。

  塞满队列看看:
  塞满后:         head=3 tail=3 count=8  内容: 4 5 6 7 8 9 10 100 
    队列里有 8 个元素（容量 8），第 101 个入队失败（上溢保护）

========== 3. 链表队列（带 tail 指针）==========
  入队 1..5，size=5
  依次出队: 1 2 3 4 5   <- 先进先出 (FIFO)
  清空后再入队 99，head 和 tail 都指向同一个节点: 是
  再出队: 99，此时 head=NULL

========== 4. 栈的应用：括号匹配 ==========
  (1 + 2) * 3      -> 匹配
  {[()]}           -> 匹配
  ([)]             -> 不匹配 (问题位置: 2 字符 ')')
  ((()))           -> 匹配
  (1 + 2           -> 不匹配 (问题位置: 6)
  1 + 2)           -> 不匹配 (问题位置: 5 字符 ')')
  a[b{c(d)e}f]g    -> 匹配
  [(])             -> 不匹配 (问题位置: 2 字符 ']')

========== 5. 栈的应用：后缀表达式求值 ==========
  "3 4 2 * +           " -> 11   ✓ 期望 11
  "5 1 2 + 4 * + 3 -   " -> 14   ✓ 期望 14
  "7 2 /               " -> 3    ✓ 期望 3
  "2 3 4 * +           " -> 14   ✓ 期望 14
  思路：遇数字入栈，遇运算符弹出两个数计算再入栈。
        注意先弹出的【右操作数】，后弹出的才是左操作数 —— 顺序反了就错。

========== 6. 两个栈实现队列 ==========
  入队 1..5，然后...
  出队两个: 1 2 
  再入队 6,7
  剩下全部出队: 3 4 5 6 7   <- 依然是 FIFO 顺序
  摊还复杂度：每个元素最多被搬一次，所以 enqueue O(1)，dequeue 摊还 O(1)

========== 7. 复杂度对比 ==========
  ┌──────────┬──────────┬──────────┬──────────┬──────────────┐
  │ 实现     │ push/enq │  pop/deq │  peek    │ 空间         │
  ├──────────┼──────────┼──────────┼──────────┼──────────────┤
  │ 数组栈   │  O(1)    │  O(1)    │  O(1)    │ 固定，可能溢出 │
  │ 链表栈   │  O(1)    │  O(1)    │  O(1)    │ 动态，指针开销 │
  │ 循环队列 │  O(1)    │  O(1)    │  O(1)    │ 固定，可能满   │
  │ 链表队列 │  O(1)    │  O(1)    │  O(1)    │ 动态，需 tail │
  └──────────┴──────────┴──────────┴──────────┴──────────────┘
  注：链表队列必须维护 tail 指针，否则入队退化成 O(n)。

  怎么选？
    - 容量可预估、追求速度  -> 数组实现（cache 友好，无 malloc）
    - 容量不可预知、怕溢出  -> 链表实现（但要处理 malloc 失败）
    - 队列一律用循环数组，否则出队后前面的空间就浪费了
### exit code: 0
