### dir     : 07_hash_table
### source  : demo.c
### mode    : san
### command : cc -std=c17 -Wall -Wextra -Wpedantic -O0 -g -fsanitize=address,undefined -fno-omit-frame-pointer demo.c -o demo_san
### --- compile ---
### --- run: ./demo_san  ---
================ 哈希表实验 ================

========== 1. 哈希函数质量对比（2000 个 key，1000 个桶）==========
  key 形式: "key0000" .. "key1999"
  first_char     桶使用率=  0.1%  最长链=2000  平均链长=2.00  离散度=2000.000
  sum            桶使用率=  2.9%  最长链=150  平均链长=2.00  离散度=109.999
  poly31         桶使用率= 77.1%  最长链=7  平均链长=2.00  离散度=3.405
  djb2           桶使用率= 93.5%  最长链=4  平均链长=2.00  离散度=2.299
  fnv1a          桶使用率= 80.8%  最长链=9  平均链长=2.00  离散度=3.302

  first_char: 所有 key 都以 'k' 开头 -> 全部落进同一个桶！最长链 = 2000
  sum:        'key0000'..'key1999' 的字符和都接近，分布也很差
  poly31/djb2/fnv1a: 分布均匀，最长链接近理论值

========== 2. 字母重排（anagram）测试：暴露求和型哈希的弱点 ==========
  key 是 a..d 的 3 字符重复排列，共 64 个
  sum            桶使用率=  3.9%  最长链=12  平均链长=0.25  离散度=9.062
  poly31         桶使用率= 18.0%  最长链=2  平均链长=0.25  离散度=1.562
  djb2           桶使用率= 18.0%  最长链=2  平均链长=0.25  离散度=1.562

  sum 版本："abc" 和 "cba" 的字符和都是 294 —— 它们必然冲突！
  乘一个数（poly31/djb2）让字符的【位置】参与运算，就不会这样。

========== 3. 链地址法哈希表 ==========
  初始状态:          count=    0 nbuckets=   16 负载因子=0.000 使用桶=0 最长链=0
  插入 2000 个之后: count= 2000 nbuckets= 4096 负载因子=0.488 使用桶=1244 最长链=3
  get("key0000") = 命中 0
  get("key1999") = 命中 1999
  get("nokey")   = 未命中

  覆盖已有 key（值应该更新，count 不变）:
    key0000 -> 999, count 2000 -> 2000 (正确)

  删除测试:
    del("key0000") = 1
    get("key0000") = 已删除(正确)
    del("key0000") 再来一次 = 0 (第二次应该失败)
  删除 1 个之后:    count= 1999 nbuckets= 4096 负载因子=0.488 使用桶=1243 最长链=3
  删掉一半之后:    count= 1000 nbuckets= 4096 负载因子=0.244 使用桶=928 最长链=2
  剩下的奇数 key 全部能找到: 是

========== 4. 开放寻址法（线性探测 + 墓碑）==========
  插入 100 个之后:  cap=  256 used= 100 tomb=  0 empty=  156 负载=0.391
  get("key0042") = 命中 42

  删除 30 个（观察墓碑数量）:
  删除 30 个之后:   cap=  256 used=  70 tomb= 30 empty=  156 负载=0.273
  剩下 70 个 key 找到 70 个

  ★ 墓碑的关键作用：
    如果删除时把槽位设成 EMPTY，那么查找遇到 EMPTY 就会停止探测。
    但被删元素后面的元素可能就是因为冲突才被放到更后面的位置 ——
    提前停止就会【找不到】它们。所以必须用 TOMB 把探测链续上。

========== 5. 性能对比：哈希表查找 vs 线性搜索 ==========
  建表完成:          count=20000 nbuckets=32768 负载因子=0.610 使用桶=15126 最长链=5
  哈希查找 20000 次:      1.577 ms  (校验和 199990000)
  线性搜索 1000 次:      6.940 ms  (校验和 499500)
  -> 按每次查询平均，哈希是 O(1)，线性是 O(n)。

========== 6. 小结 ==========
  1. 哈希函数要让字符的【位置】参与运算（乘一个数），纯求和会被字母重排击败
  2. 链地址法：实现简单，负载因子可 >1，但指针跳转 cache 不友好
  3. 开放寻址法：内存紧凑，但删除必须用墓碑，负载因子要 <0.5~0.7
  4. 负载因子 = 元素数 / 桶数；超过阈值必须扩容，否则退化成链表
  5. 哈希表平均 O(1)，【最坏 O(n)】—— 恶意构造的 key 可以让它退化成链表
     这就是为什么 Web 框架要对用户输入做随机化哈希（如 SipHash）
### exit code: 0
