### dir     : 08_tree
### source  : demo.c
### mode    : san
### command : cc -std=c17 -Wall -Wextra -Wpedantic -O0 -g -fsanitize=address,undefined -fno-omit-frame-pointer demo.c -o demo_san
### --- compile ---
### --- run: ./demo_san  ---
================ 二叉树实验 ================

========== 1. 三种遍历 ==========
  树结构（L-- 是左孩子，R-- 是右孩子）:
    4
        L-- 2
            L-- 1
            R-- 3
        R-- 6
            L-- 5
            R-- 7

  前序 (根左右): 4 2 1 3 6 5 7 
  中序 (左根右): 1 2 3 4 5 6 7    <- 有序！
  后序 (左右根): 1 3 2 5 7 6 4 

  树高 = 3, 节点数 = 7

  层序遍历 (BFS，用队列):
    第 0 层: 4 
    第 1 层: 2 6 
    第 2 层: 1 3 5 7 

  BST 性质校验（中序严格递增）: 通过
  最小值 = 1, 最大值 = 7
  bst_find(6) -> 节点指针 0x603000001060（可用于后续修改/删除）；bst_find(99) -> 0x0

========== 2. 为什么中序遍历 BST 得到有序序列？==========
  BST 性质：左子树所有值 < 根 < 右子树所有值
  中序 = 左 -> 根 -> 右
  归纳：左子树递归给出【已排序的左半部分】，
        然后输出根，再输出【已排序的右半部分】，
        拼起来自然就是全局有序。

  这也是判断一棵树是不是合法 BST 的标准方法：
    中序遍历，检查是否严格递增。

  构造一棵「左子树里有 9 > 根 5」的树
  bst_is_valid -> 失败 (应该是失败)

========== 3. BST 删除的三种情况 ==========
  初始树:
        50
            L-- 30
                L-- 20
                R-- 40
            R-- 70
                L-- 60
                R-- 80
  count=7, height=3

  【情况 1】删除叶子节点 20:
  contains(20) = 已删除, count=6, 校验=通过

  【情况 2】删除只有一个孩子的节点 30:
  contains(30) = 已删除, count=5, 校验=通过
        50
            L-- 40
            R-- 70
                L-- 60
                R-- 80

  【情况 3】删除有两个孩子的节点 70:
  count=4, 校验=通过
        50
            L-- 40
            R-- 80
                L-- 60
    注意 80 被提上来了（它是 70 的中序后继）

  删除根节点（有两个孩子）:
  count=3, 校验=通过
        60
            L-- 40
            R-- 80

========== 4. ⚠️ 有序插入会把 BST 退化成链表 ==========
  插入顺序   节点数     树高 理想高度
  随机              997         27         10.0
  1,2,3,...          1000       1000         10.0
  （随机插入时实际插入了 997 个，因为生成了 3 个随机值里有重复）

  随机插入：随机 BST 的期望树高约 2*ln(n) ≈ 1.39*log2(n)，
            这里 N=1000 实测 27（vs 理想 10），量级正确
  有序插入：树高 = n = 1000，完全退化成链表 ✗
            （每个节点只有右孩子，因为新值总是更大）

  随机树的 20 万次查找:   24.298 ms
  退化树的 20 万次查找:  551.280 ms
  退化树慢约 23 倍
  -> 节点数差不多，只是插入顺序不同，性能差了几十倍。

========== 5. 递归遍历的栈帧深度 ==========
  退化树（15 个节点）：preorder 递归最大深度 = 15，函数调用 = 31 次
  平衡树（15 个节点）：preorder 递归最大深度 = 4，函数调用 = 31 次

  关键洞察：调用次数总是 2n+1（每个节点一次 + 每个空孩子一次），
           但【栈深度】取决于树高，与节点数无关。
           退化树深度 15，平衡树深度 4 —— 同样 15 个节点。
           如果 n = 100 万全部有序插入，递归深度就是 100 万 ——
           每层栈帧几十字节，几千万字节直接把栈撑爆（stack overflow）。
           这就是为什么生产代码要么用平衡树，要么把递归改成迭代。

========== 6. 迭代式中序遍历（用显式栈）==========
  中序: 1 2 3 4 5 6 7 
  对比递归版本：递归的「调用栈」就是这里的 stack 数组。
  把递归改成迭代，本质上就是自己管理那个栈。

========== 7. 复杂度与平衡的概念 ==========
  ┌────────────┬──────────┬──────────┬────────────────────┐
  │ 操作       │ 平均     │ 最坏     │ 说明               │
  ├────────────┼──────────┼──────────┼────────────────────┤
  │ BST 查找   │ O(log n) │ O(n)     │ 退化时（有序插入）  │
  │ BST 插入   │ O(log n) │ O(n)     │ 同上               │
  │ BST 删除   │ O(log n) │ O(n)     │ 同上               │
  │ 递归遍历   │ O(n)     │ O(n)     │ 每个节点访问一次    │
  │ 层序 BFS   │ O(n)     │ O(n)     │ 需要 O(n) 队列      │
  └────────────┴──────────┴──────────┴────────────────────┘

  平衡树的价值：保证【最坏也是 O(log n)】
    AVL 树：严格平衡，左右子树高度差 <= 1，查找快但插入/删除旋转多
    红黑树：近似平衡（最长路径 <= 2 * 最短路径），插入删除旋转少
            C++ std::map / Java TreeMap / Linux 内核都用红黑树
    这些都靠【旋转】操作在插入/删除后恢复平衡，
    代价是常数因子更大 —— 所以小数据量时普通 BST 反而更快。

  什么时候不需要平衡树？
    - 数据量小（几百个以内）：退化的代价可以忽略
    - 插入顺序本来就是随机的：期望树高已经很接近最优
    - 只建一次、之后只读：可以建完后重新平衡，或用有序数组 + 二分
    - 只需要查找不需要范围查询：哈希表更快

  需要范围查询（找 [a, b] 之间的所有值）时，平衡 BST 是首选；
  哈希表做不到这一点 —— 它只擅长「精确匹配一个 key」。

  （最后一次 preorder 的调用计数：31）
### exit code: 0
