### dir     : 09_dynamic_array
### source  : demo.c
### mode    : san
### command : cc -std=c17 -Wall -Wextra -Wpedantic -O0 -g -fsanitize=address,undefined -fno-omit-frame-pointer demo.c -o demo_san
### --- compile ---
### --- run: ./demo_san  ---
================ 动态数组实验 ================

========== 1. 基本操作：len vs cap ==========
  操作     len      cap      说明
  push(10  ) 1        1        <- 刚刚扩容
  push(20  ) 2        2        <- 刚刚扩容
  push(30  ) 3        4        
  push(40  ) 4        4        <- 刚刚扩容
  push(50  ) 5        8        
  push(60  ) 6        8        
  push(70  ) 7        8        
  push(80  ) 8        8        <- 刚刚扩容
  push(90  ) 9        16       
     -> cap 总是 >= len，且按 1,2,4,8,16... 翻倍增长
     -> len 是「用了多少」，cap 是「分配了多少」

  内容: 10 20 30 40 50 60 70 80 90 
  da_get(&a, 3)  = 40
  da_get(&a, 99) = -1 (越界返回 -1，不崩溃)
  da_set(&a, 0, 999) = 成功, 现在 a[0]=999
  shrink_to_fit: cap 16 -> 9 (= len)
  free 后: len=0 cap=0 data=0x0

========== 2. 扩容策略对比：翻倍 vs 每次 +1 ==========
  每次 +1 (factor=0)       1502.273 ms   扩容 100000 次，搬移上界 4999950000 个元素
  翻倍 (factor=2)             1.042 ms   扩容 18 次，搬移上界 131071 个元素
  1.5 倍                       1.160 ms   扩容 28 次，搬移上界 276464 个元素

  N = 100000
  理论分析：
    每次 +1  ：第 k 次 push 搬 k 个元素，总计 1+2+...+N = N²/2
    翻倍     ：第 k 次扩容搬 k 个元素，总量 1+2+4+...+N < 2N
    -> 翻倍策略的【摊还】复杂度是 O(1)，每次 +1 是 O(n)
    -> 注意：单次 push 最坏仍是 O(n)（正好赶上扩容），
       但 n 次 push 平均下来是 O(1) —— 这就是「摊还」的含义。

  ⚠️ 「搬移上界」那一列是【上界】而不是真实值：
     realloc 在小幅增长时常常原地扩展，一个元素都不用搬。
     真实的代价看【耗时】那一列，那才是硬件实际做了什么。

========== 3. ⚠️ 扩容会让所有旧指针失效 ==========
  初始: data=0x602000000970, &data[0]=0x602000000970, cap=2
  da_reserve(100000) 后: data=0x10fe5c800, cap=131072
  旧指针 p_first=0x602000000970 （已失效！指向已被 free 的内存）

  为什么会失效？realloc 需要更大空间时，如果当前块后面已经被占用，
  它就会【在别处分配新块 -> 拷贝旧数据 -> free 旧块】。
  此时 p_first 就是【悬垂指针】，读它得到什么完全不可预测。

  实测：a.data[0] = 10（用新指针取值是正确的）
        而 *p_first 指向的是已被 free 的旧块 —— ASan 会直接报错
  正确做法：扩容后重新取地址 —— &a.data[0] = 0x10fe5c800

  这就是为什么所有动态数组文档都会写：
    「任何可能改变容量的操作都会使迭代器/指针失效」
  C++ 的 std::vector 也是同样的规则。

  防御手段：
    1. 不要在扩容后继续用旧指针 —— 用【下标】而不是指针
    2. 用下标 + 每次都重新取地址（本实验的 da_get 就是这么做）
    3. C++ 里用 index 而不是 iterator/reference

========== 4. 性能对比：动态数组 vs 预分配数组 ==========
  预分配数组(malloc 一次)    2.362 ms
    ^ 遍历                      2.787 ms  (和 499999500000)
  动态数组(翻倍扩容)     10.427 ms  (扩容 21 次)
    ^ 遍历                      3.279 ms  (和 499999500000)

  动态数组的额外开销来自：① realloc 的搬移 ② 最后可能浪费一半容量
  但获得了「不知道要先分配多大」的灵活性 —— 这个交换通常是值得的。
  注意【遍历】那一行两者差不多：一旦分配完成，访问模式完全一样。

========== 5. 典型用途：读入数量未知的数据 ==========
  读到: 5 3 9 1 7 2 8 4 6 0 (遇到 -1 停止)
  共 10 个元素，容量 16
  排序后: 0 1 2 3 4 5 6 7 8 9 
  这正是「读入未知行数的文件/网络数据」的标准做法。

========== 6. 边界与陷阱 ==========
  空数组 len=0 cap=0 data=0x0
  空数组 da_get(&a, 0) = -1（返回 -1 而不是崩溃）
  连续 da_free 两次也安全，因为内部把 data 置成 NULL 了

  常见错误清单：
    ❌ da->data = realloc(da->data, n)   —— 失败时泄漏
    ❌ 扩容后继续用旧的 data 指针
    ❌ 用 len 当循环上界却在循环里 push（len 一直在变）
    ❌ malloc(need * sizeof) 不检查乘法溢出
    ❌ 忘记检查 malloc/realloc 返回值

  正确写法（本实验 da_reserve 的模式）：
      int *tmp = realloc(a->data, newcap * sizeof *a->data);
      if (tmp == NULL) { return false; }   // 原数据仍然有效
      a->data = tmp;

========== 7. 复杂度总结 ==========
  ┌──────────────┬──────────────┬────────────────────────┐
  │ 操作         │ 复杂度       │ 说明                   │
  ├──────────────┼──────────────┼────────────────────────┤
  │ 按下标访问   │ O(1)         │ 连续内存，这是最大优势 │
  │ 尾部追加     │ 摊还 O(1)    │ 偶尔要扩容搬移         │
  │ 中间插入     │ O(n)         │ 要搬移后面所有元素     │
  │ 中间删除     │ O(n)         │ 同上                   │
  │ 查找(未排序) │ O(n)         │ 只能线性扫描           │
  │ 查找(已排序) │ O(log n)     │ 二分查找               │
  └──────────────┴──────────────┴────────────────────────┘

  和链表的对比：
    数组：随机访问 O(1)，中间插入删除 O(n)，cache 友好
    链表：随机访问 O(n)，已持指针时插入删除 O(1)，cache 差
  -> 实践中数组几乎总是更快，除非你确实频繁在中间增删。
### exit code: 0
