### === -O0（预期在第 4 节栈溢出）===
================ 递归与分治实验 ================

========== 1. 递归三要素 ==========
  factorial(0..10): 1 1 2 6 24 120 720 5040 40320 362880 3628800 
  要素 1 基准情形：if (n <= 1) return 1;
  要素 2 递归关系：n! = n * (n-1)!
  要素 3 向基准推进：每次调用 n-1，最终一定到达 n <= 1

  【反例 1】缺少基准情形（用安全阀防止真的崩溃）:
    fact_no_base(10) 递归了 100002 次，最大深度 100001
    -> 永远到不了终止条件，如果摘掉安全阀就是栈溢出崩溃

  【反例 2】不向基准推进（n 没变）:
    fact_no_progress(10) 递归了 100002 次，最大深度 100001
    -> 同样永远到不了基准，因为 n 从来不变

========== 2. 汉诺塔：递归的执行过程 ==========
  n = 3 的完整移动过程（缩进表示递归深度）:
      move disk 1: A -> C
    move disk 2: A -> B
      move disk 1: C -> B
  move disk 3: A -> C
      move disk 1: B -> A
    move disk 2: B -> C
      move disk 1: A -> C

  共 7 步，函数调用 7 次，最大递归深度 3

  步数与 n 的关系（理论值 2^n - 1）:
  n      实际步数   2^n - 1        函数调用
  1      1              1              1         
  4      15             15             15        
  7      127            127            127       
  10     1023           1023           1023      
  13     8191           8191           8191      
  16     65535          65535          65535     
  19     524287         524287         524287    

  ★ 复杂度的震撼之处：
    T(n) = 2*T(n-1) + 1  =>  T(n) = 2^n - 1
    n = 64 时是 1.8e19 步。假设每秒移动一次，需要约 5850 亿年。
    这就是「指数级复杂度」—— 递归代码只有 5 行，代价却不可承受。

  验证：n=20 时实际步数 = 1048575，2^20-1 = 1048575

========== 3. 分治：三个经典例子 ==========
  二分查找（递归版）: 在 100 个元素里找 42 -> 下标 21
    递归深度 6（log2(100) ≈ 6.6）

  快速幂（递归）: 2^30 = 1073741824，递归调用 9 次
  快速幂（迭代）: 2^30 = 1073741824
    朴素循环乘法需要 30 次，快速幂只要约 log2(30) ≈ 5 次
    两者一致: 是

  最大子数组和: 数组 = -2 1 -3 4 -1 2 1 -5 4 
    分治法:   6（递归调用 17 次，深度 4）
    Kadane:   6（一次循环，O(n)）
    两者一致: 是
    -> 分治是 O(n log n)，Kadane 是 O(n)。
       分治不总是最优解，但它是通用的思考框架。

========== 4. 尾递归：C 里能指望编译器优化吗？==========
  尾递归阶乘 fact_acc(10, 1) = 3628800，调用 0 次，深度 0
  循环版本   fact_loop(10)    = 3628800
  一致: 是

  ★ 关键问题：尾递归能省栈吗？
    C 标准【不要求】编译器做尾调用优化（TCO）。
    那本机的 clang 做不做？用 100 万层递归实测。

    请分别用 -O0 和 -O2 编译本文件，对比下面这一段的结果：
      cc -std=c17 -Wall -Wextra -Wpedantic -Werror -O0 -g demo.c -o demo_O0
      cc -std=c17 -Wall -Wextra -Wpedantic -Werror -O2 -g demo.c -o demo_O2

    当前二进制是: -O0（__OPTIMIZE__ 未定义）
    测试 fact_acc(1000000, 1) —— 100 万层递归...
./c-algo-experiments/run_all.sh: line 166: 17445 Segmentation fault: 11     ./demo_O0
### -O0 exit code: 139

### === -O2（尾递归被优化成循环，能跑完）===
================ 递归与分治实验 ================

========== 1. 递归三要素 ==========
  factorial(0..10): 1 1 2 6 24 120 720 5040 40320 362880 3628800 
  要素 1 基准情形：if (n <= 1) return 1;
  要素 2 递归关系：n! = n * (n-1)!
  要素 3 向基准推进：每次调用 n-1，最终一定到达 n <= 1

  【反例 1】缺少基准情形（用安全阀防止真的崩溃）:
    fact_no_base(10) 递归了 100002 次，最大深度 100001
    -> 永远到不了终止条件，如果摘掉安全阀就是栈溢出崩溃

  【反例 2】不向基准推进（n 没变）:
    fact_no_progress(10) 递归了 100002 次，最大深度 100001
    -> 同样永远到不了基准，因为 n 从来不变

========== 2. 汉诺塔：递归的执行过程 ==========
  n = 3 的完整移动过程（缩进表示递归深度）:
      move disk 1: A -> C
    move disk 2: A -> B
      move disk 1: C -> B
  move disk 3: A -> C
      move disk 1: B -> A
    move disk 2: B -> C
      move disk 1: A -> C

  共 7 步，函数调用 7 次，最大递归深度 3

  步数与 n 的关系（理论值 2^n - 1）:
  n      实际步数   2^n - 1        函数调用
  1      1              1              1         
  4      15             15             15        
  7      127            127            127       
  10     1023           1023           1023      
  13     8191           8191           8191      
  16     65535          65535          65535     
  19     524287         524287         524287    

  ★ 复杂度的震撼之处：
    T(n) = 2*T(n-1) + 1  =>  T(n) = 2^n - 1
    n = 64 时是 1.8e19 步。假设每秒移动一次，需要约 5850 亿年。
    这就是「指数级复杂度」—— 递归代码只有 5 行，代价却不可承受。

  验证：n=20 时实际步数 = 1048575，2^20-1 = 1048575

========== 3. 分治：三个经典例子 ==========
  二分查找（递归版）: 在 100 个元素里找 42 -> 下标 21
    递归深度 6（log2(100) ≈ 6.6）

  快速幂（递归）: 2^30 = 1073741824，递归调用 9 次
  快速幂（迭代）: 2^30 = 1073741824
    朴素循环乘法需要 30 次，快速幂只要约 log2(30) ≈ 5 次
    两者一致: 是

  最大子数组和: 数组 = -2 1 -3 4 -1 2 1 -5 4 
    分治法:   6（递归调用 17 次，深度 4）
    Kadane:   6（一次循环，O(n)）
    两者一致: 是
    -> 分治是 O(n log n)，Kadane 是 O(n)。
       分治不总是最优解，但它是通用的思考框架。

========== 4. 尾递归：C 里能指望编译器优化吗？==========
  尾递归阶乘 fact_acc(10, 1) = 3628800，调用 0 次，深度 0
  循环版本   fact_loop(10)    = 3628800
  一致: 是

  ★ 关键问题：尾递归能省栈吗？
    C 标准【不要求】编译器做尾调用优化（TCO）。
    那本机的 clang 做不做？用 100 万层递归实测。

    请分别用 -O0 和 -O2 编译本文件，对比下面这一段的结果：
      cc -std=c17 -Wall -Wextra -Wpedantic -Werror -O0 -g demo.c -o demo_O0
      cc -std=c17 -Wall -Wextra -Wpedantic -Werror -O2 -g demo.c -o demo_O2

    当前二进制是: -O1 或更高（__OPTIMIZE__ 已定义）
    测试 fact_acc(1000000, 1) —— 100 万层递归...
    成功返回 0（数值早已溢出，重点是【没有崩溃】）

    -> 本机实测：
         -O0 : 栈溢出崩溃，exit = 139 (SIGSEGV)
         -O1/-O2 : 正常返回，因为编译器把尾递归改成了循环

       反汇编证据（把 fact_acc 单独编译成汇编）:
         -O0 : 能看到 `bl _fact_acc` —— 真的在递归调用自己
         -O2 : 完全没有自调用指令，整个函数变成了一个循环

       另一个证据：本节的 fact_acc(10,1) 在 -O2 下调用计数是 0，
       因为整个函数被优化成循环，COUNT_CALL 宏根本不会被执行。

  【结论】不要依赖尾递归优化。
    1. C 标准不要求 TCO，-O0 下就是栈溢出
    2. 换个编译器、多加一个局部变量、或让尾调用不再成立，
       优化就消失了，程序立刻崩
    3. C 里要避免栈溢出，就用：
         - 显式循环（首选）
         - 显式栈（递归结构复杂时）
         - 控制递归深度（或改用平衡树等结构降低深度）

========== 5. 递归转迭代 ==========
  (a) 单分支递归（阶乘）：直接改成循环
      fact_iter_simple(20) = 2432902008176640000

  (b) 双分支递归（汉诺塔）：必须用显式栈
      n        递归步数   迭代步数   一致
      1        1              1              是
      4        15             15             是
      7        127            127            是
      10       1023           1023           是

  (c) 尾递归（求和）：改成循环最自然
      递归尾调用求和 = 500500，循环求和 = 500500，一致: 是

  转换的一般方法：
    1. 单分支递归 -> 直接改循环（最简单）
    2. 尾递归     -> 把累积参数变成循环变量
    3. 多分支递归 -> 用显式栈保存「待处理的子问题」
                   注意压栈顺序要和递归调用顺序【相反】

========== 6. 性能：递归 vs 迭代 ==========
  迭代求和 2000000 个元素:    0.136 ms (和 2000000)
  尾递归求和 2000000 层:      0.132 ms (和 2000000)

  注意：上面那个 200 万层尾递归【只有 -O1/-O2 才能跑完】。
        用 -O0 编译本文件时，程序会在第 4 节就栈溢出退出（exit 139），
        根本走不到这里 —— 这本身就是最好的证明。
        生产代码要可靠，就用循环。

========== 7. 小结 ==========
  1. 递归必须有：基准情形 + 递归关系 + 向基准推进
  2. 每次递归调用的栈帧包含：返回地址、参数、局部变量
     递归深度 * 栈帧大小 就是栈占用 —— 这是递归的硬约束
  3. 汉诺塔 T(n) = 2^n - 1，是「代码优雅但复杂度爆炸」的典型
  4. 分治 = 分解 + 解决 + 合并，二分查找/快排/归并/快速幂都是它
  5. 尾递归在 C 里【不保证】被优化，不要依赖它
  6. 想避免栈溢出：优先用循环；复杂递归用显式栈
### -O2 exit code: 0
