### dir     : 10_recursion
### source  : demo.c
### mode    : san
### command : cc -std=c17 -Wall -Wextra -Wpedantic -O0 -g -fsanitize=address,undefined -fno-omit-frame-pointer demo.c -o demo_san
### --- compile ---
### --- run: ./demo_san  ---
================ 递归与分治实验 ================

========== 1. 递归三要素 ==========
  factorial(0..10): 1 1 2 6 24 120 720 5040 40320 362880 3628800 
  要素 1 基准情形：if (n <= 1) return 1;
  要素 2 递归关系：n! = n * (n-1)!
  要素 3 向基准推进：每次调用 n-1，最终一定到达 n <= 1

  【反例 1】缺少基准情形（用安全阀防止真的崩溃）:
    fact_no_base(10) 递归了 100002 次，最大深度 100001
    -> 永远到不了终止条件，如果摘掉安全阀就是栈溢出崩溃

  【反例 2】不向基准推进（n 没变）:
    fact_no_progress(10) 递归了 100002 次，最大深度 100001
    -> 同样永远到不了基准，因为 n 从来不变

========== 2. 汉诺塔：递归的执行过程 ==========
  n = 3 的完整移动过程（缩进表示递归深度）:
      move disk 1: A -> C
    move disk 2: A -> B
      move disk 1: C -> B
  move disk 3: A -> C
      move disk 1: B -> A
    move disk 2: B -> C
      move disk 1: A -> C

  共 7 步，函数调用 7 次，最大递归深度 3

  步数与 n 的关系（理论值 2^n - 1）:
  n      实际步数   2^n - 1        函数调用
  1      1              1              1         
  4      15             15             15        
  7      127            127            127       
  10     1023           1023           1023      
  13     8191           8191           8191      
  16     65535          65535          65535     
  19     524287         524287         524287    

  ★ 复杂度的震撼之处：
    T(n) = 2*T(n-1) + 1  =>  T(n) = 2^n - 1
    n = 64 时是 1.8e19 步。假设每秒移动一次，需要约 5850 亿年。
    这就是「指数级复杂度」—— 递归代码只有 5 行，代价却不可承受。

  验证：n=20 时实际步数 = 1048575，2^20-1 = 1048575

========== 3. 分治：三个经典例子 ==========
  二分查找（递归版）: 在 100 个元素里找 42 -> 下标 21
    递归深度 6（log2(100) ≈ 6.6）

  快速幂（递归）: 2^30 = 1073741824，递归调用 9 次
  快速幂（迭代）: 2^30 = 1073741824
    朴素循环乘法需要 30 次，快速幂只要约 log2(30) ≈ 5 次
    两者一致: 是

  最大子数组和: 数组 = -2 1 -3 4 -1 2 1 -5 4 
    分治法:   6（递归调用 17 次，深度 4）
    Kadane:   6（一次循环，O(n)）
    两者一致: 是
    -> 分治是 O(n log n)，Kadane 是 O(n)。
       分治不总是最优解，但它是通用的思考框架。

========== 4. 尾递归：C 里能指望编译器优化吗？==========
  尾递归阶乘 fact_acc(10, 1) = 3628800，调用 0 次，深度 0
  循环版本   fact_loop(10)    = 3628800
  一致: 是

  ★ 关键问题：尾递归能省栈吗？
    C 标准【不要求】编译器做尾调用优化（TCO）。
    那本机的 clang 做不做？用 100 万层递归实测。

    请分别用 -O0 和 -O2 编译本文件，对比下面这一段的结果：
      cc -std=c17 -Wall -Wextra -Wpedantic -Werror -O0 -g demo.c -o demo_O0
      cc -std=c17 -Wall -Wextra -Wpedantic -Werror -O2 -g demo.c -o demo_O2

    当前二进制是: -O0（__OPTIMIZE__ 未定义）
    测试 fact_acc(1000000, 1) —— 100 万层递归...
AddressSanitizer:DEADLYSIGNAL
=================================================================
==17459==ERROR: AddressSanitizer: stack-overflow on address 0x00016b0a3ff4 (pc 0x000104563de4 bp 0x00016b0a4000 sp 0x00016b0a3fe0 T0)
    #0 0x000104563de4 in fact_acc demo.c:214

SUMMARY: AddressSanitizer: stack-overflow demo.c:214 in fact_acc
==17459==ABORTING
### exit code: 134
