### === -O0 ===
================ 性能测试方法论 ================

当前编译选项: -O0（未优化）
__OPTIMIZE__ = 未定义

★ 请分别用 -O0 和 -O2 编译运行本文件，对比结果差异。
  -O0: cc -std=c17 -Wall -Wextra -Wpedantic -Werror -O0 -g bench.c -o bench_O0
  -O2: cc -std=c17 -Wall -Wextra -Wpedantic -Werror -O2 -g bench.c -o bench_O2

========== 1. clock() vs 真实时间 ==========
  clock()     返回【进程消耗的 CPU 时间】（精度通常 1us）
  time()      返回【墙上时钟】，精度只有 1 秒
  clock_gettime(CLOCK_MONOTONIC) 是 POSIX，精度纳秒级

  CLOCKS_PER_SEC = 1000000
  10 万次加法: clock() 测到 0.088 ms

  sleep 100ms 期间：
    clock() 测到的 CPU 时间 = 0.011 ms  <-- 几乎为 0！
    墙上时间               = 110.028 ms  <-- 这才是真实经过的时间
    time() 精度太差，差值为 0 秒
    -> 测 I/O、锁等待、sleep 必须用墙上时钟，不能用 clock()

========== 2. 测量噪声：同一段代码测 10 次 ==========
  第几次   耗时(ms)
  1             3.900
  2             2.687
  3             2.674
  4             2.311
  5             2.309
  6             2.201
  7             2.063
  8             2.055
  9             1.996
  10            1.845
  平均        2.404
  最好        1.845  <-- 最小值
  最差        3.900  <-- 最大值
  波动幅度：最差 / 最好 = 2.11 倍

  为什么会波动？
    - 其他进程抢占 CPU
    - CPU 频率调节（节能模式 vs 性能模式）
    - cache 状态：第一次跑数据不在 cache 里
    - 内存分配器的行为

  实践准则：
    1. 多次运行，取【最小值】而不是平均（最小值最接近无限快 CPU 的理想值）
    2. 至少要跑 5~10 次热身之后再测
    3. 差异小于 2 倍就不要下结论说「算法 A 比 B 快」
    4. 用同一台机器、同一时间、同样的输入对比

========== 3. 编译器优化会「吃掉」你的测试代码 ==========
  下面测两段「做 1 亿次加法」的循环，它们的区别只有一点：
    A. 结果写到 g_bench_sink（volatile）-> 编译器不能删
    B. 结果被丢弃                    -> 编译器可以整个删掉

  ITER = 100000000

  A. volatile sink                       58.711 ms
  B. 结果丢弃                        48.175 ms   (结果 4999999950000000)

  ★ 用 -O0 编译时：A 和 B 耗时接近（都没有优化）
    用 -O2 编译时：B 会变得极快甚至 0ms —— 因为循环被整个删除了！

  防止这种情况的三种方法：
    1. 把结果写入 volatile 变量（本实验的 KEEP / g_bench_sink）
    2. 把被测代码放进单独的 .c 文件，用 -O2 编译但不开 LTO
    3. 使用 inline asm 屏障：__asm__ volatile("" ::: "memory")

========== 4. 大 O 只是趋势，常数因子才是实际耗时 ==========
  比较两个算法：
    linear : O(n)      —— 一次遍历
    twice  : O(n)      —— 展开成 4 路累加（常数因子更小）

  n                linear(ms)      twice(ms)     比值
  100000                0.290          0.410       1.41
  1000000               2.970          3.989       1.34
  10000000             29.640         40.107       1.35
  -> 同样的复杂度，常数因子直接体现在耗时上。
     所以「O(n) 一定比 O(n log n) 快」是错的 —— 要算上常数。

========== 5. 内存访问模式：同一个算法，5 倍差距 ==========
  访问模式             耗时(ms) 访问元素数
  stride = 1                   15.899        8000000
  stride = 2                    8.081        4000000
  stride = 8                    2.100        1000000
  stride = 64                   0.697         125000

  注意步长 1 和步长 2 的对比：元素数减半，但耗时没有减半！
  原因：CPU 一次读一整个 cache line（通常 64 字节 = 16 个 int）。
        stride=1 时每个 cache line 全用上；stride=2 时只用了一半。
        -> 这就是「cache 局部性」的实际影响。

========== 6. 性能测试检查清单 ==========
  □ 用 clock() 测 CPU 时间，用 timespec_get 测墙上时间
  □ 多次运行，取最小值（或至少避免只看单次结果）
  □ 先热身几轮，让 cache 进入稳定状态
  □ 用 volatile 或 KEEP 宏消费结果，防止被优化掉
  □ 至少用 -O0 和 -O2 各测一次，看优化是否改变了结论
  □ 差异小于 2 倍时，不要急着下结论
  □ 记录环境：机器型号、编译器版本、优化级别
  □ 测内存密集的算法时，注意 cache 效应可能盖过复杂度差异
### -O0 exit: 0

### === -O2 ===
================ 性能测试方法论 ================

当前编译选项: 开了优化（-O1 或更高）
__OPTIMIZE__ = 已定义

★ 请分别用 -O0 和 -O2 编译运行本文件，对比结果差异。
  -O0: cc -std=c17 -Wall -Wextra -Wpedantic -Werror -O0 -g bench.c -o bench_O0
  -O2: cc -std=c17 -Wall -Wextra -Wpedantic -Werror -O2 -g bench.c -o bench_O2

========== 1. clock() vs 真实时间 ==========
  clock()     返回【进程消耗的 CPU 时间】（精度通常 1us）
  time()      返回【墙上时钟】，精度只有 1 秒
  clock_gettime(CLOCK_MONOTONIC) 是 POSIX，精度纳秒级

  CLOCKS_PER_SEC = 1000000
  10 万次加法: clock() 测到 0.040 ms

  sleep 100ms 期间：
    clock() 测到的 CPU 时间 = 0.022 ms  <-- 几乎为 0！
    墙上时间               = 110.033 ms  <-- 这才是真实经过的时间
    time() 精度太差，差值为 0 秒
    -> 测 I/O、锁等待、sleep 必须用墙上时钟，不能用 clock()

========== 2. 测量噪声：同一段代码测 10 次 ==========
  第几次   耗时(ms)
  1             0.204
  2             0.203
  3             0.203
  4             0.204
  5             0.205
  6             0.206
  7             0.204
  8             0.210
  9             0.203
  10            0.203
  平均        0.204
  最好        0.203  <-- 最小值
  最差        0.210  <-- 最大值
  波动幅度：最差 / 最好 = 1.03 倍

  为什么会波动？
    - 其他进程抢占 CPU
    - CPU 频率调节（节能模式 vs 性能模式）
    - cache 状态：第一次跑数据不在 cache 里
    - 内存分配器的行为

  实践准则：
    1. 多次运行，取【最小值】而不是平均（最小值最接近无限快 CPU 的理想值）
    2. 至少要跑 5~10 次热身之后再测
    3. 差异小于 2 倍就不要下结论说「算法 A 比 B 快」
    4. 用同一台机器、同一时间、同样的输入对比

========== 3. 编译器优化会「吃掉」你的测试代码 ==========
  下面测两段「做 1 亿次加法」的循环，它们的区别只有一点：
    A. 结果写到 g_bench_sink（volatile）-> 编译器不能删
    B. 结果被丢弃                    -> 编译器可以整个删掉

  ITER = 100000000

  A. volatile sink                       45.196 ms
  B. 结果丢弃                         0.000 ms   (结果 4999999950000000)

  ★ 用 -O0 编译时：A 和 B 耗时接近（都没有优化）
    用 -O2 编译时：B 会变得极快甚至 0ms —— 因为循环被整个删除了！

  防止这种情况的三种方法：
    1. 把结果写入 volatile 变量（本实验的 KEEP / g_bench_sink）
    2. 把被测代码放进单独的 .c 文件，用 -O2 编译但不开 LTO
    3. 使用 inline asm 屏障：__asm__ volatile("" ::: "memory")

========== 4. 大 O 只是趋势，常数因子才是实际耗时 ==========
  比较两个算法：
    linear : O(n)      —— 一次遍历
    twice  : O(n)      —— 展开成 4 路累加（常数因子更小）

  n                linear(ms)      twice(ms)     比值
  100000                0.025          0.081       3.24
  1000000               0.232          0.758       3.27
  10000000              2.484          7.214       2.90
  -> 同样的复杂度，常数因子直接体现在耗时上。
     所以「O(n) 一定比 O(n log n) 快」是错的 —— 要算上常数。

========== 5. 内存访问模式：同一个算法，5 倍差距 ==========
  访问模式             耗时(ms) 访问元素数
  stride = 1                    6.653        8000000
  stride = 2                    3.214        4000000
  stride = 8                    0.943        1000000
  stride = 64                   0.565         125000

  注意步长 1 和步长 2 的对比：元素数减半，但耗时没有减半！
  原因：CPU 一次读一整个 cache line（通常 64 字节 = 16 个 int）。
        stride=1 时每个 cache line 全用上；stride=2 时只用了一半。
        -> 这就是「cache 局部性」的实际影响。

========== 6. 性能测试检查清单 ==========
  □ 用 clock() 测 CPU 时间，用 timespec_get 测墙上时间
  □ 多次运行，取最小值（或至少避免只看单次结果）
  □ 先热身几轮，让 cache 进入稳定状态
  □ 用 volatile 或 KEEP 宏消费结果，防止被优化掉
  □ 至少用 -O0 和 -O2 各测一次，看优化是否改变了结论
  □ 差异小于 2 倍时，不要急着下结论
  □ 记录环境：机器型号、编译器版本、优化级别
  □ 测内存密集的算法时，注意 cache 效应可能盖过复杂度差异
### -O2 exit: 0
