cc -std=c17 -Wall -Wextra -Wpedantic -Werror -Wshadow -Wconversion -Wsign-conversion -Wstrict-prototypes -Wmissing-prototypes -Wpointer-arith -Wcast-qual -Wwrite-strings -O0 -g sort.c container.c bench_main.c -o build/algobench
./build/algobench
============ algolib 性能测试 ============
编译选项: -O0（未优化，建议也用 -O2 跑一次对比）

========== 1. 排序性能对比 ==========
  算法            随机    已排序       逆序    全相等
  insertion        133.118        0.031      220.256        0.030
  shell              1.934        0.277        0.418        0.262
  quick              1.226        0.427        0.860      115.121
  merge              1.408        0.484        0.450        0.482
  （bubble / selection 是 O(n^2)，n=20000 时太慢，已跳过）

  ★ 注意 quick 在「全相等」那一列的表现：
     随机输入 1.226 ms，全相等输入 115.121 ms —— 慢了 94 倍。
     原因：Lomuto 分区遇到全相等时，每次只能确定 pivot 这一个元素的位置，
           递归退化成 n 层，总代价 O(n^2)。
     三数取中【救不了】这种情况（三个数全都相等）。
     修复：改用三路分区（<, ==, > 分成三段），相等元素直接成组跳过。

========== 2. 复杂度增长验证（n 翻倍时的耗时倍率）==========
  算法          n=4000     n=8000    n=16000    n=32000     倍率
  insertion        4.493     17.469     69.507    279.863       4.03
  shell            0.316      0.665      1.540      3.487       2.26
  quick            0.213      0.464      1.017      2.113       2.08
  merge            0.246      0.495      1.055      2.313       2.19
  O(n^2) 的倍率接近 4，O(n log n) 的倍率接近 2.1~2.3
  （具体数值随机器浮动，看【倍率】而不是绝对值）

========== 3. 动态数组 vs 链表 ==========
  动态数组 尾部追加 20 万      0.583 ms
  链表 尾部追加 20 万        1.295 ms
  比值（链表/数组）    2.22 倍

  数组顺序遍历                0.266 ms  (和 19999900000)
  链表 -> 数组（导出）      0.588 ms
    再遍历                       0.592 ms  (和 19999900000)
  链表遍历（导出+扫描）      1.180 ms  <-- 合计
  合计比数组慢 4.4 倍
  （公平起见说明：链表要顺序访问本可以 O(n) 直接走 next 指针，
    这里只能走导出，是因为本库没有暴露节点。若直接遍历，
    链表仍然比数组慢 —— 每次跳指针都可能 cache miss。）

========== 4. 哈希表 vs BST：查找性能 ==========
  规模 n = 20000
  建哈希表                  0.944 ms
  建 BST                       2.004 ms  (树高 32)

  哈希查找                  3.198 ms  (200 万次)
  BST 查找                   12.334 ms  (200 万次)
  哈希快多少          3.86 倍

  哈希表桶数 = 32768，最长冲突链 = 5
  哈希是 O(1)（平均），BST 是 O(log n)。
  但哈希表失去了「有序」这个性质 —— BST 能高效地做范围查询。

========== 结论 ==========
  1. O(n^2) 的排序在 n > 1 万时不可用；O(n log n) 的可用到很大规模
  2. n 翻倍时，O(n^2) 耗时约翻 4 倍，O(n log n) 约翻 2 倍 ——
     这个倍率比绝对耗时有意义得多
  3. 动态数组的尾部追加非常快（摊还 O(1)），链表还要每次 malloc
  4. 哈希表查找比 BST 快，但不能做范围查询
  5. 优化级别会显著改变结果，报告性能数据时必须注明编译选项
